2025-03-19 08:23:00 | INFO | repo=course-sys-int-switchyard-seminar | action=pull
2025-03-23 18:40:00 | DEBUG | repo=course-sys-int-switchyard-seminar | action=commit
2025-04-05 10:11:00 | DEBUG | repo=course-sys-int-switchyard-seminar | action=test | passed=true
2025-08-23 11:12:00 | DEBUG | repo=course-sys-int-switchyard-seminar | action=commit
2025-01-01 11:50:00 | DEBUG | repo=course-sys-int-switchyard-seminar | action=commit
2025-01-28 21:47:00 | WARN | repo=course-sys-int-switchyard-seminar | action=commit
2025-06-18 14:15:00 | WARN | repo=course-sys-int-switchyard-seminar | action=commit
2025-05-17 07:06:00 | DEBUG | repo=course-sys-int-switchyard-seminar | action=commit
2025-02-04 18:32:00 | WARN | repo=course-sys-int-switchyard-seminar | action=commit
2025-10-08 09:00:00 | WARN | repo=course-sys-int-switchyard-seminar | action=commit
2025-11-15 07:08:00 | DEBUG | repo=course-sys-int-switchyard-seminar | action=commit
2025-01-08 14:09:00 | INFO | repo=course-sys-int-switchyard-seminar | action=commit
2025-02-10 11:17:00 | WARN | repo=course-sys-int-switchyard-seminar | action=commit
2025-03-14 09:32:00 | WARN | repo=course-sys-int-switchyard-seminar | action=commit
2025-03-15 17:07:00 | DEBUG | repo=course-sys-int-switchyard-seminar | action=commit
2025-02-20 08:55:00 | DEBUG | repo=course-sys-int-switchyard-seminar | action=commit
2025-05-09 19:33:00 | WARN | repo=course-sys-int-switchyard-seminar | action=commit
2025-12-02 09:12:00 | WARN | repo=course-sys-int-switchyard-seminar | action=commit
2025-03-01 13:48:00 | INFO | repo=course-sys-int-switchyard-seminar | action=commit
2025-09-03 09:22:00 | INFO | repo=course-sys-int-switchyard-seminar | action=commit
